../Core/Src/main.c:99:5:main	160	static
../Core/Src/main.c:188:6:SystemClock_Config	88	static
../Core/Src/main.c:234:13:MX_SPI5_Init	8	static
../Core/Src/main.c:272:13:MX_GPIO_Init	48	static
../Core/Src/main.c:307:6:Task01_Init	24	static
../Core/Src/main.c:353:6:Task02_Init	16	static
../Core/Src/main.c:440:6:Task03_Init	16	static
../Core/Src/main.c:460:6:Task04_Init	16	static
../Core/Src/main.c:518:6:Task05_Init	16	static
../Core/Src/main.c:555:6:HAL_TIM_PeriodElapsedCallback	16	static
../Core/Src/main.c:572:6:Error_Handler	4	static,ignoring_inline_asm
