../Core/Src/main.c:96:5:main	160	static
../Core/Src/main.c:188:6:SystemClock_Config	88	static
../Core/Src/main.c:234:13:MX_SPI5_Init	8	static
../Core/Src/main.c:272:13:MX_TIM7_Init	16	static
../Core/Src/main.c:310:13:MX_GPIO_Init	48	static
../Core/Src/main.c:345:6:Task01_Init	24	static
../Core/Src/main.c:379:6:Task02_Init	16	static
../Core/Src/main.c:503:6:Task03_Init	16	static
../Core/Src/main.c:524:6:Task04_Init	16	static
../Core/Src/main.c:588:6:Task05_Init	16	static
../Core/Src/main.c:616:6:HAL_TIM_PeriodElapsedCallback	16	static
../Core/Src/main.c:633:6:Error_Handler	4	static,ignoring_inline_asm
