../Drivers/BSP/STM32F429I-Discovery/stm32f429i_discovery_gyroscope.c:79:9:BSP_GYRO_Init	24	static
../Drivers/BSP/STM32F429I-Discovery/stm32f429i_discovery_gyroscope.c:131:9:BSP_GYRO_ReadID	16	static
../Drivers/BSP/STM32F429I-Discovery/stm32f429i_discovery_gyroscope.c:145:6:BSP_GYRO_Reset	8	static
../Drivers/BSP/STM32F429I-Discovery/stm32f429i_discovery_gyroscope.c:158:6:BSP_GYRO_ITConfig	24	static
../Drivers/BSP/STM32F429I-Discovery/stm32f429i_discovery_gyroscope.c:183:6:BSP_GYRO_EnableIT	16	static
../Drivers/BSP/STM32F429I-Discovery/stm32f429i_discovery_gyroscope.c:200:6:BSP_GYRO_DisableIT	16	static
../Drivers/BSP/STM32F429I-Discovery/stm32f429i_discovery_gyroscope.c:212:6:BSP_GYRO_GetXYZ	16	static
